// Jest Snapshot v1, https://goo.gl/fbAQLP

exports[`Pruebas en el componente AddCategory Debe de coincidir con el snapshot 1`] = `
<form
  onSubmit={[Function]}
>
  <div
    className="mb-3"
  >
    <p />
    <label
      className="form-label"
      htlmfor="categorias"
    >
      Buscar Categorias
    </label>
    <input
      aria-describedby="categoriasHelp"
      className="form-control shadow"
      id="categorias"
      onChange={[Function]}
      type="text"
      value=""
    />
    <div
      className="form-text"
      id="categoriasHelp"
    >
      Ingresa el nombre de una nueva categoria...
    </div>
  </div>
</form>
`;
