// Jest Snapshot v1, https://goo.gl/fbAQLP

exports[`Pruebas en el componente Gifify Debe hacer match con el snapshot 1`] = `
<Fragment>
  <div
    className="p-5 my-4 bg-dark bg-gradient shadow-lg text-light rounded-3"
  >
    <div
      className="container-fluid py-5"
    >
      <h1
        className="display-5 fw-bold"
      >
        Gifify
      </h1>
      <p
        className="col-md-8 fs-4 d-none d-sm-block"
      >
        Generamos peticiones http a la API de GIPHY mediante el input situado debajo... para mas informacion acerca de la API dar click en el siguiente boton...
      </p>
      <a
        className="btn btn-primary btn-lg d-none d-sm-block"
        href="https://developers.giphy.com/"
        rel="noopener noreferrer"
        target="_blank"
      >
        API GIPHY
      </a>
    </div>
  </div>
  <AddCategory
    setCategories={[Function]}
  />
  <ol>
    <GifGrid
      category=""
      key=""
    />
  </ol>
</Fragment>
`;
